uid=18_0 RootWebArea "泳课预约系统" url="http://localhost:5173/student/692bd06358ba9900a7ac5b67"
  uid=18_1 button "← 返回"
  uid=18_2 heading "学员详情" level="1"
  uid=18_3 StaticText "许志玲"
  uid=18_4 StaticText "1v1"
  uid=18_5 StaticText "8"
  uid=18_6 StaticText "剩余"
  uid=18_7 StaticText "2"
  uid=18_8 StaticText "已上课"
  uid=18_9 StaticText "10"
  uid=18_10 StaticText "总共"
  uid=18_11 StaticText "课程进度: 20%"
  uid=18_12 button "📅 新增预约"
  uid=18_13 button "✏️ 编辑信息"
  uid=18_14 StaticText "👤"
  uid=18_15 StaticText "基本信息"
  uid=18_16 StaticText "学习项目"
  uid=18_17 StaticText "蛙泳"
  uid=18_18 StaticText "备注"
  uid=18_19 StaticText "暂无备注"
  uid=18_20 StaticText "💰"
  uid=18_21 StaticText "财务信息"
  uid=18_22 StaticText "课程售价"
  uid=18_23 StaticText "¥1000"
  uid=18_24 StaticText "俱乐部分成"
  uid=18_25 StaticText "¥300"
  uid=18_26 StaticText "净利润"
  uid=18_27 StaticText "¥700"
  uid=18_28 StaticText "📚"
  uid=18_29 StaticText "上课记录"
  uid=18_30 StaticText "📝"
  uid=18_31 StaticText "暂无上课记录"
  uid=18_32 StaticText "⚙️"
  uid=18_33 StaticText "系统信息"
  uid=18_34 StaticText "创建时间"
  uid=18_35 StaticText "2025/11/30 05:04"
  uid=18_36 StaticText "最后更新"
  uid=18_37 StaticText "2025/12/05 14:38"
